<div id="one"><div>TRUE</div></div><div id="two"><div>TRUE</div></div>