test: World|all attributes: [_tag=true, class=my-class, id=myId, test=World]