<span title="Popover Title" data-content="Popover Content">Link Text</span><span title="Popover Title" data-content="Popover Content">Link Text</span>