BEGIN  this whitespace   should be retained   END test hello Long paragraph of text should retain spacing between lines. <ul><li>One</li><li>Two</li></ul><a href=\"Test\">Hello World!</a><pre>\n   begin      end     \n</pre><div>\n   begin      end     \n</div><div>\n   begin      end     \n</div>begin end