<div><b>A</b></div><div><span><b>B</b></span></div><div><b>c</b></div><div><span><b>d</b></span></div>